// Jest Snapshot v1, https://goo.gl/fbAQLP

exports[`Artist Component should render Artist 1`] = `
<h1>
  loading
</h1>
`;
