// Jest Snapshot v1, https://goo.gl/fbAQLP

exports[`ArtistList Component should render Artists List 1`] = `<ul />`;
