// Jest Snapshot v1, https://goo.gl/fbAQLP

exports[`Recording component should render Recording 1`] = `
<h1>
  loading
</h1>
`;
