// Jest Snapshot v1, https://goo.gl/fbAQLP

exports[`Lyrics component should render Lyrics 1`] = `<pre />`;
